==> ptc_runner_launcher
make: Nothing to be done for `all'.
[
  {
    "instances": 14,
    "subject": "intervals",
    "experiment": "E1 one-turn",
    "wall_ms": 40353,
    "function_accuracy": 0.5,
    "form_accuracy": 0.0,
    "final_test_pass_rate": 0.2143,
    "citation_values_valid_rate": 0.3571,
    "tokens_in": 72587,
    "tokens_out": 91413,
    "cost_microusd": 9907,
    "cost_per_solved_microusd": 3302.3333333333335,
    "candidates_generated": 7,
    "candidates_checked": 5,
    "generated_per_solved": 2.3333,
    "checked_per_solved": 1.6667
  },
  {
    "instances": 0,
    "subject": "normaliser",
    "experiment": "E1 one-turn",
    "wall_ms": 0,
    "function_accuracy": null,
    "form_accuracy": null,
    "final_test_pass_rate": null,
    "citation_values_valid_rate": null,
    "tokens_in": null,
    "tokens_out": null,
    "cost_microusd": null,
    "cost_per_solved_microusd": null,
    "candidates_generated": 0,
    "candidates_checked": 0,
    "generated_per_solved": null,
    "checked_per_solved": null
  },
  {
    "instances": 0,
    "subject": "reconciliation",
    "experiment": "E1 one-turn",
    "wall_ms": 0,
    "function_accuracy": null,
    "form_accuracy": null,
    "final_test_pass_rate": null,
    "citation_values_valid_rate": null,
    "tokens_in": null,
    "tokens_out": null,
    "cost_microusd": null,
    "cost_per_solved_microusd": null,
    "candidates_generated": 0,
    "candidates_checked": 0,
    "generated_per_solved": null,
    "checked_per_solved": null
  },
  {
    "instances": 14,
    "subject": "overall",
    "experiment": "E1 one-turn",
    "wall_ms": 40353,
    "function_accuracy": 0.5,
    "form_accuracy": 0.0,
    "final_test_pass_rate": 0.2143,
    "citation_values_valid_rate": 0.3571,
    "tokens_in": 72587,
    "tokens_out": 91413,
    "cost_microusd": 9907,
    "cost_per_solved_microusd": 3302.3333333333335,
    "candidates_generated": 7,
    "candidates_checked": 5,
    "generated_per_solved": 2.3333,
    "checked_per_solved": 1.6667
  },
  {
    "instances": 13,
    "subject": "intervals",
    "experiment": "E1 three-turn",
    "wall_ms": 37045,
    "function_accuracy": 0.6154,
    "form_accuracy": 0.0,
    "final_test_pass_rate": 0.2308,
    "citation_values_valid_rate": 0.6154,
    "tokens_in": 188262,
    "tokens_out": 136887,
    "cost_microusd": 14550,
    "cost_per_solved_microusd": 4850.0,
    "candidates_generated": 8,
    "candidates_checked": 8,
    "generated_per_solved": 2.6667,
    "checked_per_solved": 2.6667
  },
  {
    "instances": 0,
    "subject": "normaliser",
    "experiment": "E1 three-turn",
    "wall_ms": 0,
    "function_accuracy": null,
    "form_accuracy": null,
    "final_test_pass_rate": null,
    "citation_values_valid_rate": null,
    "tokens_in": null,
    "tokens_out": null,
    "cost_microusd": null,
    "cost_per_solved_microusd": null,
    "candidates_generated": 0,
    "candidates_checked": 0,
    "generated_per_solved": null,
    "checked_per_solved": null
  },
  {
    "instances": 0,
    "subject": "reconciliation",
    "experiment": "E1 three-turn",
    "wall_ms": 0,
    "function_accuracy": null,
    "form_accuracy": null,
    "final_test_pass_rate": null,
    "citation_values_valid_rate": null,
    "tokens_in": null,
    "tokens_out": null,
    "cost_microusd": null,
    "cost_per_solved_microusd": null,
    "candidates_generated": 0,
    "candidates_checked": 0,
    "generated_per_solved": null,
    "checked_per_solved": null
  },
  {
    "instances": 13,
    "subject": "overall",
    "experiment": "E1 three-turn",
    "wall_ms": 37045,
    "function_accuracy": 0.6154,
    "form_accuracy": 0.0,
    "final_test_pass_rate": 0.2308,
    "citation_values_valid_rate": 0.6154,
    "tokens_in": 188262,
    "tokens_out": 136887,
    "cost_microusd": 14550,
    "cost_per_solved_microusd": 4850.0,
    "candidates_generated": 8,
    "candidates_checked": 8,
    "generated_per_solved": 2.6667,
    "checked_per_solved": 2.6667
  },
  {
    "instances": 13,
    "subject": "intervals",
    "experiment": "E2 K=2",
    "wall_ms": 37748,
    "function_accuracy": 0.3462,
    "form_accuracy": 0.0,
    "final_test_pass_rate": 0.3077,
    "citation_values_valid_rate": 0.2308,
    "tokens_in": 135186,
    "tokens_out": 142048,
    "cost_microusd": 15010,
    "cost_per_solved_microusd": 3752.5,
    "candidates_generated": 9,
    "candidates_checked": 8,
    "generated_per_solved": 2.25,
    "checked_per_solved": 2.0
  },
  {
    "instances": 0,
    "subject": "normaliser",
    "experiment": "E2 K=2",
    "wall_ms": 0,
    "function_accuracy": null,
    "form_accuracy": null,
    "final_test_pass_rate": null,
    "citation_values_valid_rate": null,
    "tokens_in": null,
    "tokens_out": null,
    "cost_microusd": null,
    "cost_per_solved_microusd": null,
    "candidates_generated": 0,
    "candidates_checked": 0,
    "generated_per_solved": null,
    "checked_per_solved": null
  },
  {
    "instances": 0,
    "subject": "reconciliation",
    "experiment": "E2 K=2",
    "wall_ms": 0,
    "function_accuracy": null,
    "form_accuracy": null,
    "final_test_pass_rate": null,
    "citation_values_valid_rate": null,
    "tokens_in": null,
    "tokens_out": null,
    "cost_microusd": null,
    "cost_per_solved_microusd": null,
    "candidates_generated": 0,
    "candidates_checked": 0,
    "generated_per_solved": null,
    "checked_per_solved": null
  },
  {
    "instances": 13,
    "subject": "overall",
    "experiment": "E2 K=2",
    "wall_ms": 37748,
    "function_accuracy": 0.3462,
    "form_accuracy": 0.0,
    "final_test_pass_rate": 0.3077,
    "citation_values_valid_rate": 0.2308,
    "tokens_in": 135186,
    "tokens_out": 142048,
    "cost_microusd": 15010,
    "cost_per_solved_microusd": 3752.5,
    "candidates_generated": 9,
    "candidates_checked": 8,
    "generated_per_solved": 2.25,
    "checked_per_solved": 2.0
  },
  {
    "instances": 13,
    "subject": "intervals",
    "experiment": "E2 K=4",
    "wall_ms": 38632,
    "function_accuracy": 0.3846,
    "form_accuracy": 0.0385,
    "final_test_pass_rate": 0.2308,
    "citation_values_valid_rate": 0.3269,
    "tokens_in": 270372,
    "tokens_out": 287614,
    "cost_microusd": 30449,
    "cost_per_solved_microusd": 10149.666666666666,
    "candidates_generated": 22,
    "candidates_checked": 20,
    "generated_per_solved": 7.3333,
    "checked_per_solved": 6.6667
  },
  {
    "instances": 0,
    "subject": "normaliser",
    "experiment": "E2 K=4",
    "wall_ms": 0,
    "function_accuracy": null,
    "form_accuracy": null,
    "final_test_pass_rate": null,
    "citation_values_valid_rate": null,
    "tokens_in": null,
    "tokens_out": null,
    "cost_microusd": null,
    "cost_per_solved_microusd": null,
    "candidates_generated": 0,
    "candidates_checked": 0,
    "generated_per_solved": null,
    "checked_per_solved": null
  },
  {
    "instances": 0,
    "subject": "reconciliation",
    "experiment": "E2 K=4",
    "wall_ms": 0,
    "function_accuracy": null,
    "form_accuracy": null,
    "final_test_pass_rate": null,
    "citation_values_valid_rate": null,
    "tokens_in": null,
    "tokens_out": null,
    "cost_microusd": null,
    "cost_per_solved_microusd": null,
    "candidates_generated": 0,
    "candidates_checked": 0,
    "generated_per_solved": null,
    "checked_per_solved": null
  },
  {
    "instances": 13,
    "subject": "overall",
    "experiment": "E2 K=4",
    "wall_ms": 38632,
    "function_accuracy": 0.3846,
    "form_accuracy": 0.0385,
    "final_test_pass_rate": 0.2308,
    "citation_values_valid_rate": 0.3269,
    "tokens_in": 270372,
    "tokens_out": 287614,
    "cost_microusd": 30449,
    "cost_per_solved_microusd": 10149.666666666666,
    "candidates_generated": 22,
    "candidates_checked": 20,
    "generated_per_solved": 7.3333,
    "checked_per_solved": 6.6667
  }
]
Artifacts: /tmp/ptc-prelude-search-recordings/004/replay
