==> ptc_runner_launcher
make: Nothing to be done for `all'.
[
  {
    "instances": 1,
    "subject": "intervals",
    "experiment": "E1 one-turn",
    "wall_ms": 131182,
    "function_accuracy": 1.0,
    "form_accuracy": 0.0,
    "final_test_pass_rate": 1.0,
    "citation_values_valid_rate": 0.0,
    "tokens_in": 5137,
    "tokens_out": 8722,
    "cost_microusd": 917,
    "cost_per_solved_microusd": 917.0,
    "candidates_generated": 1,
    "candidates_checked": 1,
    "generated_per_solved": 1.0,
    "checked_per_solved": 1.0
  },
  {
    "instances": 0,
    "subject": "normaliser",
    "experiment": "E1 one-turn",
    "wall_ms": 0,
    "function_accuracy": null,
    "form_accuracy": null,
    "final_test_pass_rate": null,
    "citation_values_valid_rate": null,
    "tokens_in": null,
    "tokens_out": null,
    "cost_microusd": null,
    "cost_per_solved_microusd": null,
    "candidates_generated": 0,
    "candidates_checked": 0,
    "generated_per_solved": null,
    "checked_per_solved": null
  },
  {
    "instances": 0,
    "subject": "reconciliation",
    "experiment": "E1 one-turn",
    "wall_ms": 0,
    "function_accuracy": null,
    "form_accuracy": null,
    "final_test_pass_rate": null,
    "citation_values_valid_rate": null,
    "tokens_in": null,
    "tokens_out": null,
    "cost_microusd": null,
    "cost_per_solved_microusd": null,
    "candidates_generated": 0,
    "candidates_checked": 0,
    "generated_per_solved": null,
    "checked_per_solved": null
  },
  {
    "instances": 1,
    "subject": "overall",
    "experiment": "E1 one-turn",
    "wall_ms": 131182,
    "function_accuracy": 1.0,
    "form_accuracy": 0.0,
    "final_test_pass_rate": 1.0,
    "citation_values_valid_rate": 0.0,
    "tokens_in": 5137,
    "tokens_out": 8722,
    "cost_microusd": 917,
    "cost_per_solved_microusd": 917.0,
    "candidates_generated": 1,
    "candidates_checked": 1,
    "generated_per_solved": 1.0,
    "checked_per_solved": 1.0
  },
  {
    "instances": 1,
    "subject": "intervals",
    "experiment": "E1 three-turn",
    "wall_ms": 133420,
    "function_accuracy": 1.0,
    "form_accuracy": 0.0,
    "final_test_pass_rate": 0.0,
    "citation_values_valid_rate": 1.0,
    "tokens_in": 5118,
    "tokens_out": 8629,
    "cost_microusd": 909,
    "cost_per_solved_microusd": null,
    "candidates_generated": 1,
    "candidates_checked": 1,
    "generated_per_solved": null,
    "checked_per_solved": null
  },
  {
    "instances": 0,
    "subject": "normaliser",
    "experiment": "E1 three-turn",
    "wall_ms": 0,
    "function_accuracy": null,
    "form_accuracy": null,
    "final_test_pass_rate": null,
    "citation_values_valid_rate": null,
    "tokens_in": null,
    "tokens_out": null,
    "cost_microusd": null,
    "cost_per_solved_microusd": null,
    "candidates_generated": 0,
    "candidates_checked": 0,
    "generated_per_solved": null,
    "checked_per_solved": null
  },
  {
    "instances": 0,
    "subject": "reconciliation",
    "experiment": "E1 three-turn",
    "wall_ms": 0,
    "function_accuracy": null,
    "form_accuracy": null,
    "final_test_pass_rate": null,
    "citation_values_valid_rate": null,
    "tokens_in": null,
    "tokens_out": null,
    "cost_microusd": null,
    "cost_per_solved_microusd": null,
    "candidates_generated": 0,
    "candidates_checked": 0,
    "generated_per_solved": null,
    "checked_per_solved": null
  },
  {
    "instances": 1,
    "subject": "overall",
    "experiment": "E1 three-turn",
    "wall_ms": 133420,
    "function_accuracy": 1.0,
    "form_accuracy": 0.0,
    "final_test_pass_rate": 0.0,
    "citation_values_valid_rate": 1.0,
    "tokens_in": 5118,
    "tokens_out": 8629,
    "cost_microusd": 909,
    "cost_per_solved_microusd": null,
    "candidates_generated": 1,
    "candidates_checked": 1,
    "generated_per_solved": null,
    "checked_per_solved": null
  },
  {
    "instances": 1,
    "subject": "intervals",
    "experiment": "E2 K=2",
    "wall_ms": 83486,
    "function_accuracy": 0.0,
    "form_accuracy": 0.0,
    "final_test_pass_rate": 0.0,
    "citation_values_valid_rate": 0.0,
    "tokens_in": 10274,
    "tokens_out": 7633,
    "cost_microusd": 1038,
    "cost_per_solved_microusd": null,
    "candidates_generated": 0,
    "candidates_checked": 0,
    "generated_per_solved": null,
    "checked_per_solved": null
  },
  {
    "instances": 0,
    "subject": "normaliser",
    "experiment": "E2 K=2",
    "wall_ms": 0,
    "function_accuracy": null,
    "form_accuracy": null,
    "final_test_pass_rate": null,
    "citation_values_valid_rate": null,
    "tokens_in": null,
    "tokens_out": null,
    "cost_microusd": null,
    "cost_per_solved_microusd": null,
    "candidates_generated": 0,
    "candidates_checked": 0,
    "generated_per_solved": null,
    "checked_per_solved": null
  },
  {
    "instances": 0,
    "subject": "reconciliation",
    "experiment": "E2 K=2",
    "wall_ms": 0,
    "function_accuracy": null,
    "form_accuracy": null,
    "final_test_pass_rate": null,
    "citation_values_valid_rate": null,
    "tokens_in": null,
    "tokens_out": null,
    "cost_microusd": null,
    "cost_per_solved_microusd": null,
    "candidates_generated": 0,
    "candidates_checked": 0,
    "generated_per_solved": null,
    "checked_per_solved": null
  },
  {
    "instances": 1,
    "subject": "overall",
    "experiment": "E2 K=2",
    "wall_ms": 83486,
    "function_accuracy": 0.0,
    "form_accuracy": 0.0,
    "final_test_pass_rate": 0.0,
    "citation_values_valid_rate": 0.0,
    "tokens_in": 10274,
    "tokens_out": 7633,
    "cost_microusd": 1038,
    "cost_per_solved_microusd": null,
    "candidates_generated": 0,
    "candidates_checked": 0,
    "generated_per_solved": null,
    "checked_per_solved": null
  },
  {
    "instances": 1,
    "subject": "intervals",
    "experiment": "E2 K=4",
    "wall_ms": 114577,
    "function_accuracy": 0.5,
    "form_accuracy": 0.0,
    "final_test_pass_rate": 1.0,
    "citation_values_valid_rate": 0.5,
    "tokens_in": 20548,
    "tokens_out": 28662,
    "cost_microusd": 3000,
    "cost_per_solved_microusd": 3.0e3,
    "candidates_generated": 2,
    "candidates_checked": 2,
    "generated_per_solved": 2.0,
    "checked_per_solved": 2.0
  },
  {
    "instances": 0,
    "subject": "normaliser",
    "experiment": "E2 K=4",
    "wall_ms": 0,
    "function_accuracy": null,
    "form_accuracy": null,
    "final_test_pass_rate": null,
    "citation_values_valid_rate": null,
    "tokens_in": null,
    "tokens_out": null,
    "cost_microusd": null,
    "cost_per_solved_microusd": null,
    "candidates_generated": 0,
    "candidates_checked": 0,
    "generated_per_solved": null,
    "checked_per_solved": null
  },
  {
    "instances": 0,
    "subject": "reconciliation",
    "experiment": "E2 K=4",
    "wall_ms": 0,
    "function_accuracy": null,
    "form_accuracy": null,
    "final_test_pass_rate": null,
    "citation_values_valid_rate": null,
    "tokens_in": null,
    "tokens_out": null,
    "cost_microusd": null,
    "cost_per_solved_microusd": null,
    "candidates_generated": 0,
    "candidates_checked": 0,
    "generated_per_solved": null,
    "checked_per_solved": null
  },
  {
    "instances": 1,
    "subject": "overall",
    "experiment": "E2 K=4",
    "wall_ms": 114577,
    "function_accuracy": 0.5,
    "form_accuracy": 0.0,
    "final_test_pass_rate": 1.0,
    "citation_values_valid_rate": 0.5,
    "tokens_in": 20548,
    "tokens_out": 28662,
    "cost_microusd": 3000,
    "cost_per_solved_microusd": 3.0e3,
    "candidates_generated": 2,
    "candidates_checked": 2,
    "generated_per_solved": 2.0,
    "checked_per_solved": 2.0
  }
]
Artifacts: /tmp/ptc-prelude-search-recordings/003/live
